
> dijitalpark-teknokent@0.0.0 build
> vite build

[36mvite v6.4.1 [32mbuilding for production...[36m[39m
transforming...
[32mÔ£ô[39m 2858 modules transformed.
rendering chunks...
computing gzip size...
[2mdist/[22m[32mindex.html                 [39m[1m[2m    1.48 kB[22m[1m[22m[2m Ôöé gzip:   0.68 kB[22m
[2mdist/[22m[32massets/logo-DnlSTh6P.png   [39m[1m[2m  147.04 kB[22m[1m[22m
[2mdist/[22m[35massets/index-xcaML0gp.css  [39m[1m[2m    5.37 kB[22m[1m[22m[2m Ôöé gzip:   1.58 kB[22m
[2mdist/[22m[36massets/index-DnqYeRiY.js   [39m[1m[33m1,944.68 kB[39m[22m[2m Ôöé gzip: 549.33 kB[22m
node.exe : [33m
At C:\Users\Ekoreiz\App
Data\Roaming\npm\npm.ps
1:24 char:5
+     & "node$exe"  "$b
asedir/node_modules/npm
/bin/npm-cli.js" $args
+     ~~~~~~~~~~~~~~~~~
~~~~~~~~~~~~~~~~~~~~~~~
~~~~~~~~~~~~~~~~~~~~~~
    + CategoryInfo     
         : NotSpecifi  
  ed: ([33m:String)   
  [], RemoteExcepti    
on
    + FullyQualifiedEr 
   rorId : NativeComm  
  andError
 
(!) Some chunks are lar
ger than 500 kB after m
inification. Consider:
- Using dynamic import(
) to code-split the app
lication
- Use build.rollupOptio
ns.output.manualChunks 
to improve chunking: ht
tps://rollupjs.org/conf
iguration-options/#outp
ut-manualchunks
- Adjust chunk size lim
it for this warning via
 build.chunkSizeWarning
Limit.[39m
[32mÔ£ô built in 4.70s[39m
