  console.log
    DB Connection Config: {
      connectionString: undefined,
      host: 'localhost',
      port: '5432',
      database: 'appdb',
      user: 'app',
      ssl: undefined
    }

      at Object.<anonymous> (src/db/index.ts:32:9)

node.exe : FAIL src/t
ests/rollback.test.ts
At C:\Users\Ekoreiz\A
ppData\Roaming\npm\np
x.ps1:24 char:5
+     & "node$exe"  "
$basedir/node_modules
/npm/bin/npx-cli.js" 
$args
+     ~~~~~~~~~~~~~~~
~~~~~~~~~~~~~~~~~~~~~
~~~~~~~~~~~~~~~~~~~~~
~~~~~
    + CategoryInfo   
           : NotSpe  
  cified: (FAIL sr   
 c/tests/rollback    
.test.ts:String)     
[], RemoteExcep    ti
on
    + FullyQualified 
   ErrorId : Native  
  CommandError
 
  Rollback System
    ├ù should rollbac
k Campus Delete (54 m
s)
    ├ù should rollbac
k Unit Delete (22 ms)

  ÔùÅ Rollback System
 ÔÇ║ should rollback 
Campus Delete

    error: null value
 in column "address" 
of relation "campuses
" violates not-null c
onstraint

      at node_modules
/pg-pool/index.js:45:
11

  ÔùÅ Rollback System
 ÔÇ║ should rollback 
Unit Delete

    error: null value
 in column "address" 
of relation "campuses
" violates not-null c
onstraint

      at node_modules
/pg-pool/index.js:45:
11

Test Suites: 1 failed
, 1 total
Tests:       2 failed
, 2 total
Snapshots:   0 total
Time:        2.189 s,
 estimated 4 s
Ran all test suites m
atching src/tests/rol
lback.test.ts.
Force exiting Jest: H
ave you considered us
ing `--detectOpenHand
les` to detect async 
operations that kept 
running after all tes
ts finished?
